
> collabbot-admin@0.0.0 build
> tsc && vite build

src/App.tsx(1,1): error TS6133: 'React' is declared but its value is never read.
src/data/mockData.ts(9,5): error TS6133: 'UserType' is declared but its value is never read.
src/data/mockData.ts(10,5): error TS6133: 'UserStatus' is declared but its value is never read.
src/data/mockData.ts(11,5): error TS6133: 'JobStatus' is declared but its value is never read.
src/data/mockData.ts(12,5): error TS6133: 'ReportStatus' is declared but its value is never read.
src/data/mockData.ts(13,5): error TS6133: 'EventStatus' is declared but its value is never read.
src/data/mockData.ts(14,5): error TS6133: 'MentorshipStatus' is declared but its value is never read.
src/pages/UserManagement.tsx(2,10): error TS6133: 'MoreVertical' is declared but its value is never read.
