src/main.tsx(4,1): error TS6133: 'App' is declared but its value is never read.
src/main.tsx(8,10): error TS2304: Cannot find name 'Ap'.
